
> vite_react_shadcn_ts@0.0.0 build
> vite build

[36mvite v5.4.19 [32mbuilding for production...[36m[39m
transforming...
node.exe : Browserslist: browsers data (caniuse-lite) is 9 months old. Please r
un:
At line:1 char:1
+ & "C:\Program Files\nodejs/node.exe" "C:\Program Files\nodejs/node_mo ...
+ ~~~~~~~~~~~~~~~~~~~~~~~~~~~~~~~~~~~~~~~~~~~~~~~~~~~~~~~~~~~~~~~~~~~~~
    + CategoryInfo          : NotSpecified: (Browserslist: b...ld. Please run: 
   :String) [], RemoteException
    + FullyQualifiedErrorId : NativeCommandError
 
  npx update-browserslist-db@latest
  Why you should do it regularly: https://github.com/browserslist/update-db#rea
dme
[33m[vite:css] @import must precede all other statements (besides @charset or 
empty @layer)
3  |  @tailwind utilities;
4  |  
5  |  @import url('https://fonts.googleapis.com/css2?family=Geist:wght@300;400;
500;600;700;800;900&family=Geist+Mono:wght@400;500;600&display=swap');
   |  ^^^^^^^^^^^^^^^^^^^^^^^^^^^^^^^^^^^^^^^^^^^^^^^^^^^^^^^^^^^^^^^^^^^^^^^^^
^^^^^^^^^^^^^^^^^^^^^^^^^^^^^^^^^^^^^^^^^^^^^^^^^^^^^^^^^^^^^^^^^^^^^^
6  |  
7  |  @layer base {[39m
[32mÔ£ô[39m 85 modules transformed.
[31mx[39m Build failed in 3.35s
[31merror during build:
[31m[vite:build-import-analysis] [plugin vite:build-import-analysis] src/modul
es/owner/competitions (16:70): Failed to parse source for import analysis becau
se the content contains invalid JS syntax. If you are using JSX, make sure to n
ame the file with the .jsx or .tsx extension.[31m
file: [36mD:/FOPSDIM/aplikasi/pitch-perfect-pro/src/modules/owner/competitions
:16:70[31m
[33m
14:     <div className="space-y-6">
15:       <div>
16:         <h1 className="text-3xl font-bold">Competition Monitoring</h1>
                                                                          ^
17:         <p className="text-muted-foreground mt-1">Track active competitions
 platform-wide</p>
18:       </div>
[31m
    at getRollupError (file:///D:/FOPSDIM/aplikasi/pitch-perfect-pro/node_modul
es/rollup/dist/es/shared/parseAst.js:395:41)
    at error (file:///D:/FOPSDIM/aplikasi/pitch-perfect-pro/node_modules/rollup
/dist/es/shared/parseAst.js:391:42)
    at Object.error (file:///D:/FOPSDIM/aplikasi/pitch-perfect-pro/node_modules
/rollup/dist/es/shared/node-entry.js:20545:20)
    at Object.error (file:///D:/FOPSDIM/aplikasi/pitch-perfect-pro/node_modules
/rollup/dist/es/shared/node-entry.js:19604:42)
    at Object.transform (file:///D:/FOPSDIM/aplikasi/pitch-perfect-pro/node_mod
ules/vite/dist/node/chunks/dep-C6uTJdX2.js:64897:14)[39m
